// Jest Snapshot v1, https://goo.gl/fbAQLP

exports[`Event Details page should render my component 1`] = `
Object {
  "asFragment": [Function],
  "baseElement": <body>
    <div>
      <div
        class="min-h-full"
        data-testid="layout"
      >
        <nav
          class="bg-gray-800"
        >
          <div
            class="container mx-auto"
          >
            <div
              class="relative flex items-center justify-between h-16"
            >
              <div
                class="flex-1 flex items-center justify-center sm:items-stretch sm:justify-start"
              >
                <div
                  class="flex-shrink-0 flex items-center"
                >
                  <img
                    alt="Workflow"
                    class="hidden lg:block h-8 w-auto"
                    src="https://tailwindui.com/img/logos/workflow-logo-indigo-500-mark-white-text.svg"
                  />
                </div>
              </div>
            </div>
          </div>
        </nav>
        <div
          class="container mx-auto py-12"
        >
          <div
            class="sm:rounded-lg pb-6"
          >
            <span
              class="text-xs cursor-pointer bg-white hover:bg-gray-100 text-gray-800 font-semibold py-2 px-4 border border-gray-400 rounded shadow"
              data-testid="backButton"
            >
              Back to list
            </span>
          </div>
          <div
            class="bg-white shadow overflow-hidden sm:rounded-lg"
          >
            <div
              class="px-4 py-5 sm:px-6"
            >
              <h3
                class="text-lg leading-6 font-medium text-gray-900"
              >
                Events Information
              </h3>
              <p
                class="mt-1 max-w-2xl text-sm text-gray-500"
              >
                Events details and Employess.
              </p>
            </div>
            <div
              class="border-t border-gray-200"
            >
              <div
                class="flex justify-center items-center py-20"
              >
                <svg
                  height="30px"
                  id="Layer_1"
                  version="1.1"
                  viewBox="0 0 24 30"
                  width="24px"
                  x="0px"
                  xmlns="http://www.w3.org/2000/svg"
                  y="0px"
                >
                  <rect
                    fill="#333"
                    height="10"
                    width="4"
                    x="0"
                    y="0"
                  >
                    <animatetransform
                      attributeName="transform"
                      attributeType="xml"
                      begin="0"
                      dur="0.6s"
                      repeatCount="indefinite"
                      type="translate"
                      values="0 0; 0 20; 0 0"
                    />
                  </rect>
                  <rect
                    fill="#333"
                    height="10"
                    width="4"
                    x="10"
                    y="0"
                  >
                    <animatetransform
                      attributeName="transform"
                      attributeType="xml"
                      begin="0.2s"
                      dur="0.6s"
                      repeatCount="indefinite"
                      type="translate"
                      values="0 0; 0 20; 0 0"
                    />
                  </rect>
                  <rect
                    fill="#333"
                    height="10"
                    width="4"
                    x="20"
                    y="0"
                  >
                    <animatetransform
                      attributeName="transform"
                      attributeType="xml"
                      begin="0.4s"
                      dur="0.6s"
                      repeatCount="indefinite"
                      type="translate"
                      values="0 0; 0 20; 0 0"
                    />
                  </rect>
                </svg>
              </div>
            </div>
          </div>
        </div>
      </div>
    </div>
  </body>,
  "container": <div>
    <div
      class="min-h-full"
      data-testid="layout"
    >
      <nav
        class="bg-gray-800"
      >
        <div
          class="container mx-auto"
        >
          <div
            class="relative flex items-center justify-between h-16"
          >
            <div
              class="flex-1 flex items-center justify-center sm:items-stretch sm:justify-start"
            >
              <div
                class="flex-shrink-0 flex items-center"
              >
                <img
                  alt="Workflow"
                  class="hidden lg:block h-8 w-auto"
                  src="https://tailwindui.com/img/logos/workflow-logo-indigo-500-mark-white-text.svg"
                />
              </div>
            </div>
          </div>
        </div>
      </nav>
      <div
        class="container mx-auto py-12"
      >
        <div
          class="sm:rounded-lg pb-6"
        >
          <span
            class="text-xs cursor-pointer bg-white hover:bg-gray-100 text-gray-800 font-semibold py-2 px-4 border border-gray-400 rounded shadow"
            data-testid="backButton"
          >
            Back to list
          </span>
        </div>
        <div
          class="bg-white shadow overflow-hidden sm:rounded-lg"
        >
          <div
            class="px-4 py-5 sm:px-6"
          >
            <h3
              class="text-lg leading-6 font-medium text-gray-900"
            >
              Events Information
            </h3>
            <p
              class="mt-1 max-w-2xl text-sm text-gray-500"
            >
              Events details and Employess.
            </p>
          </div>
          <div
            class="border-t border-gray-200"
          >
            <div
              class="flex justify-center items-center py-20"
            >
              <svg
                height="30px"
                id="Layer_1"
                version="1.1"
                viewBox="0 0 24 30"
                width="24px"
                x="0px"
                xmlns="http://www.w3.org/2000/svg"
                y="0px"
              >
                <rect
                  fill="#333"
                  height="10"
                  width="4"
                  x="0"
                  y="0"
                >
                  <animatetransform
                    attributeName="transform"
                    attributeType="xml"
                    begin="0"
                    dur="0.6s"
                    repeatCount="indefinite"
                    type="translate"
                    values="0 0; 0 20; 0 0"
                  />
                </rect>
                <rect
                  fill="#333"
                  height="10"
                  width="4"
                  x="10"
                  y="0"
                >
                  <animatetransform
                    attributeName="transform"
                    attributeType="xml"
                    begin="0.2s"
                    dur="0.6s"
                    repeatCount="indefinite"
                    type="translate"
                    values="0 0; 0 20; 0 0"
                  />
                </rect>
                <rect
                  fill="#333"
                  height="10"
                  width="4"
                  x="20"
                  y="0"
                >
                  <animatetransform
                    attributeName="transform"
                    attributeType="xml"
                    begin="0.4s"
                    dur="0.6s"
                    repeatCount="indefinite"
                    type="translate"
                    values="0 0; 0 20; 0 0"
                  />
                </rect>
              </svg>
            </div>
          </div>
        </div>
      </div>
    </div>
  </div>,
  "debug": [Function],
  "findAllByAltText": [Function],
  "findAllByDisplayValue": [Function],
  "findAllByLabelText": [Function],
  "findAllByPlaceholderText": [Function],
  "findAllByRole": [Function],
  "findAllByTestId": [Function],
  "findAllByText": [Function],
  "findAllByTitle": [Function],
  "findByAltText": [Function],
  "findByDisplayValue": [Function],
  "findByLabelText": [Function],
  "findByPlaceholderText": [Function],
  "findByRole": [Function],
  "findByTestId": [Function],
  "findByText": [Function],
  "findByTitle": [Function],
  "getAllByAltText": [Function],
  "getAllByDisplayValue": [Function],
  "getAllByLabelText": [Function],
  "getAllByPlaceholderText": [Function],
  "getAllByRole": [Function],
  "getAllByTestId": [Function],
  "getAllByText": [Function],
  "getAllByTitle": [Function],
  "getByAltText": [Function],
  "getByDisplayValue": [Function],
  "getByLabelText": [Function],
  "getByPlaceholderText": [Function],
  "getByRole": [Function],
  "getByTestId": [Function],
  "getByText": [Function],
  "getByTitle": [Function],
  "queryAllByAltText": [Function],
  "queryAllByDisplayValue": [Function],
  "queryAllByLabelText": [Function],
  "queryAllByPlaceholderText": [Function],
  "queryAllByRole": [Function],
  "queryAllByTestId": [Function],
  "queryAllByText": [Function],
  "queryAllByTitle": [Function],
  "queryByAltText": [Function],
  "queryByDisplayValue": [Function],
  "queryByLabelText": [Function],
  "queryByPlaceholderText": [Function],
  "queryByRole": [Function],
  "queryByTestId": [Function],
  "queryByText": [Function],
  "queryByTitle": [Function],
  "rerender": [Function],
  "unmount": [Function],
}
`;
